// Jest Snapshot v1, https://goo.gl/fbAQLP

exports[`App component accepts campaigns and lists them correctly 1`] = `ShallowWrapper {}`;

exports[`App component filters campaigns when date range updated 1`] = `ReactWrapper {}`;

exports[`App component filters campaigns when searched for 1`] = `ReactWrapper {}`;
